// Jest Snapshot v1, https://goo.gl/fbAQLP

exports[`HelloWorld.vue  1`] = `
<div class="hello">
  <h1>dell lee</h1>
</div>
`;
