// Jest Snapshot v1, https://goo.gl/fbAQLP

exports[`Enzyme shallow 1`] = `
<div
  className="app-container"
  data-test="container"
  title="dell lee"
>
  Hello world
</div>
`;
